J1.S.P0009: OK
J1.S.P0052: OK
J1.S.P0056: OK
J1.S.P0061: OK
J1.S.P0063: OK
J1.S.P0072: OK
